2026-07-19T17:22:27.807885Z  INFO herdr::platform::macos: raised server file descriptor soft limit previous=256 target=8192
2026-07-19T17:22:27.808388Z  INFO herdr::api::server: api server listening path=/Users/rcopeland/.config/herdr/herdr.sock
2026-07-19T17:22:27.809355Z  INFO herdr::app: using pane scrollback configuration pane_scrollback_limit_bytes=10000000
2026-07-19T17:22:27.827369Z  INFO herdr::logging: checking for updates event="update.check.start" subsystem="update" outcome="started"
2026-07-19T17:22:27.832722Z  INFO herdr::logging: spawning pane terminal event="pane.spawn.start" subsystem="pane" outcome="started" pane_id=1 rows=24 cols=80 scrollback_limit_bytes=10000000
2026-07-19T17:22:27.835849Z  INFO herdr::logging: pane child spawned event="pane.spawned" subsystem="pane" outcome="ok" pane_id=1 pid=45403
2026-07-19T17:22:27.836317Z  INFO herdr::logging: workspace created event="workspace.create" subsystem="workspace" outcome="ok" workspace_id="w1" pane_id=1
2026-07-19T17:22:27.836327Z  INFO herdr::logging: workspace focused event="workspace.focus" subsystem="workspace" outcome="ok" workspace_id="w1"
2026-07-19T17:22:27.836397Z  INFO herdr::logging: tab focused event="tab.focus" subsystem="tab" outcome="ok" workspace_id="w1" tab_id="w1:t1"
2026-07-19T17:22:27.836436Z  INFO herdr::server::headless: created startup workspace cwd=/Users/rcopeland/Dev/spark-design-system
2026-07-19T17:22:27.836595Z  INFO herdr::server::headless: client protocol socket listening path=/Users/rcopeland/.config/herdr/herdr-client.sock
2026-07-19T17:22:27.836651Z  INFO herdr::server::headless: herdr server started api_socket=/Users/rcopeland/.config/herdr/herdr.sock client_socket=/Users/rcopeland/.config/herdr/herdr-client.sock
2026-07-19T17:22:27.836672Z  INFO herdr::logging: herdr starting event="app.startup" subsystem="server" outcome="started" pid=45378
2026-07-19T17:22:28.094313Z  INFO herdr::server::headless: client connected client_id=2 cols=239 rows=61 cell_width_px=0 cell_height_px=0 render_encoding=SemanticFrame
2026-07-19T17:22:32.842870Z  INFO herdr::logging: session saved event="persist.save" subsystem="persist" outcome="ok" path=/Users/rcopeland/.config/herdr/session.json workspaces=1
2026-07-19T17:22:36.408288Z  INFO herdr::logging: pane child exited event="pane.exit" subsystem="pane" outcome="completed" pane_id=1 status="ExitStatus { code: 0, signal: None }"
2026-07-19T17:22:36.408442Z  INFO herdr::pane: pane session terminated pane=1 pid=45403 signal=Hangup
2026-07-19T17:22:36.408808Z  INFO herdr::logging: spawning pane terminal event="pane.spawn.start" subsystem="pane" outcome="started" pane_id=2 rows=60 cols=213 scrollback_limit_bytes=10000000
2026-07-19T17:22:36.415319Z  INFO herdr::logging: pane child spawned event="pane.spawned" subsystem="pane" outcome="ok" pane_id=2 pid=46254
2026-07-19T17:22:36.415779Z  INFO herdr::logging: workspace created event="workspace.create" subsystem="workspace" outcome="ok" workspace_id="w2" pane_id=2
2026-07-19T17:22:36.415817Z  INFO herdr::logging: workspace focused event="workspace.focus" subsystem="workspace" outcome="ok" workspace_id="w2"
2026-07-19T17:22:36.415901Z  INFO herdr::logging: tab focused event="tab.focus" subsystem="tab" outcome="ok" workspace_id="w2" tab_id="w2:t1"
2026-07-19T17:22:41.425940Z  INFO herdr::logging: session saved event="persist.save" subsystem="persist" outcome="ok" path=/Users/rcopeland/.config/herdr/session.json workspaces=1
2026-07-19T17:22:42.973193Z  INFO herdr::logging: pane child exited event="pane.exit" subsystem="pane" outcome="completed" pane_id=2 status="ExitStatus { code: 130, signal: None }"
2026-07-19T17:22:42.973331Z  INFO herdr::pane: pane session terminated pane=2 pid=46254 signal=Hangup
2026-07-19T17:22:42.973633Z  INFO herdr::logging: spawning pane terminal event="pane.spawn.start" subsystem="pane" outcome="started" pane_id=3 rows=60 cols=213 scrollback_limit_bytes=10000000
2026-07-19T17:22:42.980177Z  INFO herdr::logging: pane child spawned event="pane.spawned" subsystem="pane" outcome="ok" pane_id=3 pid=46983
2026-07-19T17:22:42.980578Z  INFO herdr::logging: workspace created event="workspace.create" subsystem="workspace" outcome="ok" workspace_id="w3" pane_id=3
2026-07-19T17:22:42.980620Z  INFO herdr::logging: workspace focused event="workspace.focus" subsystem="workspace" outcome="ok" workspace_id="w3"
2026-07-19T17:22:42.980717Z  INFO herdr::logging: tab focused event="tab.focus" subsystem="tab" outcome="ok" workspace_id="w3" tab_id="w3:t1"
2026-07-19T17:22:44.074325Z  INFO herdr::logging: pane child exited event="pane.exit" subsystem="pane" outcome="completed" pane_id=3 status="ExitStatus { code: 0, signal: None }"
2026-07-19T17:22:44.074358Z  INFO herdr::pane: pane session terminated pane=3 pid=46983 signal=Hangup
2026-07-19T17:22:44.074403Z  INFO herdr::logging: spawning pane terminal event="pane.spawn.start" subsystem="pane" outcome="started" pane_id=4 rows=60 cols=213 scrollback_limit_bytes=10000000
2026-07-19T17:22:44.076388Z  INFO herdr::logging: pane child spawned event="pane.spawned" subsystem="pane" outcome="ok" pane_id=4 pid=47710
2026-07-19T17:22:44.076480Z  INFO herdr::logging: workspace created event="workspace.create" subsystem="workspace" outcome="ok" workspace_id="w4" pane_id=4
2026-07-19T17:22:44.076484Z  INFO herdr::logging: workspace focused event="workspace.focus" subsystem="workspace" outcome="ok" workspace_id="w4"
2026-07-19T17:22:44.076514Z  INFO herdr::logging: tab focused event="tab.focus" subsystem="tab" outcome="ok" workspace_id="w4" tab_id="w4:t1"
2026-07-19T17:22:49.091375Z  INFO herdr::logging: session saved event="persist.save" subsystem="persist" outcome="ok" path=/Users/rcopeland/.config/herdr/session.json workspaces=1
2026-07-19T17:23:14.953657Z  INFO herdr::pane: agent changed pane=4 previous_agent=None agent=Some(Pi) process=pi pgid=Some(48445)
2026-07-19T17:23:19.830622Z  INFO herdr::pane: agent changed pane=4 previous_agent=Some(Pi) agent=None pgid=Some(47710)
2026-07-19T17:23:21.852446Z  INFO herdr::pane: agent changed pane=4 previous_agent=None agent=Some(Pi) process=pi pgid=Some(48452)
2026-07-19T17:23:26.101564Z  INFO herdr::pane: agent changed pane=4 previous_agent=Some(Pi) agent=None pgid=Some(47710)
2026-07-19T17:23:32.688321Z  INFO herdr::pane: agent changed pane=4 previous_agent=None agent=Some(Pi) process=pi pgid=Some(48463)
2026-07-19T17:24:53.385611Z  INFO herdr::logging: spawning pane terminal event="pane.spawn.start" subsystem="pane" outcome="started" pane_id=5 rows=60 cols=213 scrollback_limit_bytes=10000000
2026-07-19T17:24:53.394715Z  INFO herdr::logging: pane child spawned event="pane.spawned" subsystem="pane" outcome="ok" pane_id=5 pid=48471
2026-07-19T17:24:53.395187Z  INFO herdr::logging: workspace created event="workspace.create" subsystem="workspace" outcome="ok" workspace_id="w5" pane_id=5
2026-07-19T17:24:53.395223Z  INFO herdr::logging: workspace focused event="workspace.focus" subsystem="workspace" outcome="ok" workspace_id="w5"
2026-07-19T17:24:53.395451Z  INFO herdr::logging: tab focused event="tab.focus" subsystem="tab" outcome="ok" workspace_id="w5" tab_id="w5:t1"
2026-07-19T17:24:58.408385Z  INFO herdr::logging: session saved event="persist.save" subsystem="persist" outcome="ok" path=/Users/rcopeland/.config/herdr/session.json workspaces=2
2026-07-19T17:25:08.589580Z  INFO herdr::pane: agent changed pane=5 previous_agent=None agent=Some(Pi) process=pi pgid=Some(49210)
2026-07-19T17:25:23.454679Z  INFO herdr::logging: spawning pane terminal event="pane.spawn.start" subsystem="pane" outcome="started" pane_id=6 rows=60 cols=213 scrollback_limit_bytes=10000000
2026-07-19T17:25:23.464289Z  INFO herdr::logging: pane child spawned event="pane.spawned" subsystem="pane" outcome="ok" pane_id=6 pid=49215
2026-07-19T17:25:23.464798Z  INFO herdr::logging: tab renamed event="tab.rename" subsystem="tab" outcome="ok" workspace_id="w5" tab_id="w5:t2"
2026-07-19T17:25:23.465168Z  INFO herdr::logging: tab focused event="tab.focus" subsystem="tab" outcome="ok" workspace_id="w5" tab_id="w5:t2"
2026-07-19T17:25:28.470429Z  INFO herdr::logging: session saved event="persist.save" subsystem="persist" outcome="ok" path=/Users/rcopeland/.config/herdr/session.json workspaces=2
2026-07-19T17:25:40.934440Z  INFO herdr::logging: tab focused event="tab.focus" subsystem="tab" outcome="ok" workspace_id="w5" tab_id="w5:t1"
2026-07-19T17:25:45.940197Z  INFO herdr::logging: session saved event="persist.save" subsystem="persist" outcome="ok" path=/Users/rcopeland/.config/herdr/session.json workspaces=2
2026-07-19T17:25:47.210636Z  INFO herdr::logging: tab focused event="tab.focus" subsystem="tab" outcome="ok" workspace_id="w5" tab_id="w5:t2"
2026-07-19T17:25:52.217746Z  INFO herdr::logging: session saved event="persist.save" subsystem="persist" outcome="ok" path=/Users/rcopeland/.config/herdr/session.json workspaces=2
2026-07-19T17:27:15.227901Z  INFO herdr::app::actions: copied double-clicked token to clipboard
2026-07-19T17:27:16.428001Z  INFO herdr::app::actions: copied double-clicked token to clipboard
2026-07-19T17:27:23.434530Z  INFO herdr::logging: tab focused event="tab.focus" subsystem="tab" outcome="ok" workspace_id="w5" tab_id="w5:t1"
2026-07-19T17:27:28.440998Z  INFO herdr::logging: session saved event="persist.save" subsystem="persist" outcome="ok" path=/Users/rcopeland/.config/herdr/session.json workspaces=2
2026-07-19T17:28:32.428216Z  INFO herdr::logging: tab focused event="tab.focus" subsystem="tab" outcome="ok" workspace_id="w5" tab_id="w5:t2"
2026-07-19T17:28:36.548105Z  INFO herdr::logging: tab focused event="tab.focus" subsystem="tab" outcome="ok" workspace_id="w5" tab_id="w5:t1"
2026-07-19T17:28:41.555533Z  INFO herdr::logging: session saved event="persist.save" subsystem="persist" outcome="ok" path=/Users/rcopeland/.config/herdr/session.json workspaces=2
2026-07-19T17:28:53.128889Z  INFO herdr::logging: workspace focused event="workspace.focus" subsystem="workspace" outcome="ok" workspace_id="w4"
2026-07-19T17:28:53.129001Z  INFO herdr::logging: tab focused event="tab.focus" subsystem="tab" outcome="ok" workspace_id="w4" tab_id="w4:t1"
2026-07-19T17:28:58.137646Z  INFO herdr::logging: session saved event="persist.save" subsystem="persist" outcome="ok" path=/Users/rcopeland/.config/herdr/session.json workspaces=2
2026-07-19T17:36:29.037462Z  INFO herdr::logging: workspace focused event="workspace.focus" subsystem="workspace" outcome="ok" workspace_id="w5"
2026-07-19T17:36:29.039268Z  INFO herdr::logging: tab focused event="tab.focus" subsystem="tab" outcome="ok" workspace_id="w5" tab_id="w5:t1"
2026-07-19T17:36:34.050461Z  INFO herdr::logging: session saved event="persist.save" subsystem="persist" outcome="ok" path=/Users/rcopeland/.config/herdr/session.json workspaces=2
2026-07-19T17:38:01.539170Z  INFO herdr::logging: workspace focused event="workspace.focus" subsystem="workspace" outcome="ok" workspace_id="w4"
2026-07-19T17:38:01.540300Z  INFO herdr::logging: tab focused event="tab.focus" subsystem="tab" outcome="ok" workspace_id="w4" tab_id="w4:t1"
2026-07-19T17:38:06.550459Z  INFO herdr::logging: session saved event="persist.save" subsystem="persist" outcome="ok" path=/Users/rcopeland/.config/herdr/session.json workspaces=2
2026-07-19T17:41:52.808287Z  INFO herdr::logging: workspace focused event="workspace.focus" subsystem="workspace" outcome="ok" workspace_id="w5"
2026-07-19T17:41:52.809617Z  INFO herdr::logging: tab focused event="tab.focus" subsystem="tab" outcome="ok" workspace_id="w5" tab_id="w5:t1"
2026-07-19T17:41:57.842780Z  INFO herdr::logging: session saved event="persist.save" subsystem="persist" outcome="ok" path=/Users/rcopeland/.config/herdr/session.json workspaces=2
2026-07-19T17:42:07.578962Z  INFO herdr::logging: tab focused event="tab.focus" subsystem="tab" outcome="ok" workspace_id="w5" tab_id="w5:t2"
2026-07-19T17:42:12.587605Z  INFO herdr::logging: session saved event="persist.save" subsystem="persist" outcome="ok" path=/Users/rcopeland/.config/herdr/session.json workspaces=2
2026-07-19T17:42:19.146549Z  INFO herdr::logging: tab focused event="tab.focus" subsystem="tab" outcome="ok" workspace_id="w5" tab_id="w5:t1"
2026-07-19T17:42:24.152026Z  INFO herdr::logging: session saved event="persist.save" subsystem="persist" outcome="ok" path=/Users/rcopeland/.config/herdr/session.json workspaces=2
2026-07-19T17:44:39.851107Z  INFO herdr::logging: workspace focused event="workspace.focus" subsystem="workspace" outcome="ok" workspace_id="w4"
2026-07-19T17:44:39.852162Z  INFO herdr::logging: tab focused event="tab.focus" subsystem="tab" outcome="ok" workspace_id="w4" tab_id="w4:t1"
2026-07-19T17:44:44.867150Z  INFO herdr::logging: session saved event="persist.save" subsystem="persist" outcome="ok" path=/Users/rcopeland/.config/herdr/session.json workspaces=2
2026-07-19T17:51:30.221739Z  INFO herdr::logging: workspace focused event="workspace.focus" subsystem="workspace" outcome="ok" workspace_id="w5"
2026-07-19T17:51:30.222740Z  INFO herdr::logging: tab focused event="tab.focus" subsystem="tab" outcome="ok" workspace_id="w5" tab_id="w5:t1"
2026-07-19T17:51:35.239684Z  INFO herdr::logging: session saved event="persist.save" subsystem="persist" outcome="ok" path=/Users/rcopeland/.config/herdr/session.json workspaces=2
2026-07-19T17:51:52.317383Z  INFO herdr::logging: tab focused event="tab.focus" subsystem="tab" outcome="ok" workspace_id="w5" tab_id="w5:t2"
2026-07-19T17:51:57.333399Z  INFO herdr::logging: session saved event="persist.save" subsystem="persist" outcome="ok" path=/Users/rcopeland/.config/herdr/session.json workspaces=2
2026-07-19T17:52:27.851251Z  INFO herdr::logging: checking for updates event="update.check.start" subsystem="update" outcome="started"
2026-07-19T17:54:15.833841Z  INFO herdr::logging: tab focused event="tab.focus" subsystem="tab" outcome="ok" workspace_id="w5" tab_id="w5:t1"
2026-07-19T17:54:20.854105Z  INFO herdr::logging: session saved event="persist.save" subsystem="persist" outcome="ok" path=/Users/rcopeland/.config/herdr/session.json workspaces=2
2026-07-19T17:54:30.705977Z  INFO herdr::logging: tab focused event="tab.focus" subsystem="tab" outcome="ok" workspace_id="w5" tab_id="w5:t2"
2026-07-19T17:54:32.496055Z  INFO herdr::logging: tab focused event="tab.focus" subsystem="tab" outcome="ok" workspace_id="w5" tab_id="w5:t1"
2026-07-19T17:54:37.515545Z  INFO herdr::logging: session saved event="persist.save" subsystem="persist" outcome="ok" path=/Users/rcopeland/.config/herdr/session.json workspaces=2
2026-07-19T17:54:41.567463Z  INFO herdr::logging: tab focused event="tab.focus" subsystem="tab" outcome="ok" workspace_id="w5" tab_id="w5:t2"
2026-07-19T17:54:43.481121Z  INFO herdr::logging: tab focused event="tab.focus" subsystem="tab" outcome="ok" workspace_id="w5" tab_id="w5:t1"
2026-07-19T17:54:48.502764Z  INFO herdr::logging: session saved event="persist.save" subsystem="persist" outcome="ok" path=/Users/rcopeland/.config/herdr/session.json workspaces=2
2026-07-19T17:57:38.705483Z  INFO herdr::logging: workspace focused event="workspace.focus" subsystem="workspace" outcome="ok" workspace_id="w4"
2026-07-19T17:57:38.706007Z  INFO herdr::logging: tab focused event="tab.focus" subsystem="tab" outcome="ok" workspace_id="w4" tab_id="w4:t1"
2026-07-19T17:57:43.723289Z  INFO herdr::logging: session saved event="persist.save" subsystem="persist" outcome="ok" path=/Users/rcopeland/.config/herdr/session.json workspaces=2
2026-07-19T18:03:04.356091Z  INFO herdr::logging: workspace focused event="workspace.focus" subsystem="workspace" outcome="ok" workspace_id="w5"
2026-07-19T18:03:04.357090Z  INFO herdr::logging: tab focused event="tab.focus" subsystem="tab" outcome="ok" workspace_id="w5" tab_id="w5:t1"
2026-07-19T18:03:09.372250Z  INFO herdr::logging: session saved event="persist.save" subsystem="persist" outcome="ok" path=/Users/rcopeland/.config/herdr/session.json workspaces=2
2026-07-19T18:03:09.802624Z  INFO herdr::logging: tab focused event="tab.focus" subsystem="tab" outcome="ok" workspace_id="w5" tab_id="w5:t2"
2026-07-19T18:03:11.025271Z  INFO herdr::logging: tab focused event="tab.focus" subsystem="tab" outcome="ok" workspace_id="w5" tab_id="w5:t1"
2026-07-19T18:03:16.047127Z  INFO herdr::logging: session saved event="persist.save" subsystem="persist" outcome="ok" path=/Users/rcopeland/.config/herdr/session.json workspaces=2
2026-07-19T18:03:34.372089Z  INFO herdr::logging: tab focused event="tab.focus" subsystem="tab" outcome="ok" workspace_id="w5" tab_id="w5:t2"
2026-07-19T18:03:39.394311Z  INFO herdr::logging: session saved event="persist.save" subsystem="persist" outcome="ok" path=/Users/rcopeland/.config/herdr/session.json workspaces=2
2026-07-19T18:05:11.543284Z  INFO herdr::logging: tab focused event="tab.focus" subsystem="tab" outcome="ok" workspace_id="w5" tab_id="w5:t1"
2026-07-19T18:05:16.561624Z  INFO herdr::logging: session saved event="persist.save" subsystem="persist" outcome="ok" path=/Users/rcopeland/.config/herdr/session.json workspaces=2
2026-07-19T18:05:19.100381Z  INFO herdr::logging: tab focused event="tab.focus" subsystem="tab" outcome="ok" workspace_id="w5" tab_id="w5:t2"
2026-07-19T18:05:22.322475Z  INFO herdr::logging: pane child exited event="pane.exit" subsystem="pane" outcome="completed" pane_id=6 status="ExitStatus { code: 0, signal: None }"
2026-07-19T18:05:22.322803Z  INFO herdr::pane: pane session terminated pane=6 pid=49215 signal=Hangup
2026-07-19T18:05:27.335709Z  INFO herdr::logging: session saved event="persist.save" subsystem="persist" outcome="ok" path=/Users/rcopeland/.config/herdr/session.json workspaces=2
2026-07-19T18:07:09.445716Z  INFO herdr::logging: spawning pane terminal event="pane.spawn.start" subsystem="pane" outcome="started" pane_id=7 rows=60 cols=213 scrollback_limit_bytes=10000000
2026-07-19T18:07:09.454774Z  INFO herdr::logging: pane child spawned event="pane.spawned" subsystem="pane" outcome="ok" pane_id=7 pid=11620
2026-07-19T18:07:09.455275Z  INFO herdr::logging: tab renamed event="tab.rename" subsystem="tab" outcome="ok" workspace_id="w5" tab_id="w5:t3"
2026-07-19T18:07:09.455536Z  INFO herdr::logging: tab focused event="tab.focus" subsystem="tab" outcome="ok" workspace_id="w5" tab_id="w5:t3"
2026-07-19T18:07:13.419219Z  INFO herdr::logging: tab focused event="tab.focus" subsystem="tab" outcome="ok" workspace_id="w5" tab_id="w5:t1"
2026-07-19T18:07:17.651983Z  INFO herdr::logging: tab focused event="tab.focus" subsystem="tab" outcome="ok" workspace_id="w5" tab_id="w5:t3"
2026-07-19T18:07:19.474499Z  INFO herdr::logging: tab focused event="tab.focus" subsystem="tab" outcome="ok" workspace_id="w5" tab_id="w5:t1"
2026-07-19T18:07:24.480214Z  INFO herdr::logging: session saved event="persist.save" subsystem="persist" outcome="ok" path=/Users/rcopeland/.config/herdr/session.json workspaces=2
2026-07-19T18:08:09.173967Z  INFO herdr::app::actions: copied double-clicked token to clipboard
2026-07-19T18:09:32.578937Z  INFO herdr::logging: tab focused event="tab.focus" subsystem="tab" outcome="ok" workspace_id="w5" tab_id="w5:t3"
2026-07-19T18:09:35.572632Z  INFO herdr::logging: tab focused event="tab.focus" subsystem="tab" outcome="ok" workspace_id="w5" tab_id="w5:t1"
2026-07-19T18:09:36.786247Z  INFO herdr::logging: tab focused event="tab.focus" subsystem="tab" outcome="ok" workspace_id="w5" tab_id="w5:t3"
2026-07-19T18:09:41.803580Z  INFO herdr::logging: session saved event="persist.save" subsystem="persist" outcome="ok" path=/Users/rcopeland/.config/herdr/session.json workspaces=2
2026-07-19T18:09:51.068909Z  INFO herdr::logging: tab focused event="tab.focus" subsystem="tab" outcome="ok" workspace_id="w5" tab_id="w5:t1"
2026-07-19T18:09:53.224077Z  INFO herdr::logging: tab focused event="tab.focus" subsystem="tab" outcome="ok" workspace_id="w5" tab_id="w5:t3"
2026-07-19T18:09:58.245452Z  INFO herdr::logging: session saved event="persist.save" subsystem="persist" outcome="ok" path=/Users/rcopeland/.config/herdr/session.json workspaces=2
2026-07-19T18:09:58.733386Z  INFO herdr::logging: tab focused event="tab.focus" subsystem="tab" outcome="ok" workspace_id="w5" tab_id="w5:t1"
2026-07-19T18:10:03.753555Z  INFO herdr::logging: session saved event="persist.save" subsystem="persist" outcome="ok" path=/Users/rcopeland/.config/herdr/session.json workspaces=2
2026-07-19T18:12:28.710363Z  INFO herdr::app::actions: copied double-clicked token to clipboard
2026-07-19T18:12:46.684373Z  INFO herdr::logging: tab focused event="tab.focus" subsystem="tab" outcome="ok" workspace_id="w5" tab_id="w5:t3"
2026-07-19T18:12:49.773333Z  INFO herdr::logging: tab focused event="tab.focus" subsystem="tab" outcome="ok" workspace_id="w5" tab_id="w5:t1"
2026-07-19T18:12:54.782657Z  INFO herdr::logging: session saved event="persist.save" subsystem="persist" outcome="ok" path=/Users/rcopeland/.config/herdr/session.json workspaces=2
2026-07-19T18:12:58.324626Z  INFO herdr::app::actions: copied double-clicked token to clipboard
2026-07-19T18:13:01.904803Z  INFO herdr::app::actions: copied selection to clipboard
2026-07-19T18:13:07.346111Z  INFO herdr::logging: spawning pane terminal event="pane.spawn.start" subsystem="pane" outcome="started" pane_id=8 rows=60 cols=213 scrollback_limit_bytes=10000000
2026-07-19T18:13:07.355522Z  INFO herdr::logging: pane child spawned event="pane.spawned" subsystem="pane" outcome="ok" pane_id=8 pid=15330
2026-07-19T18:13:07.355915Z  INFO herdr::logging: tab renamed event="tab.rename" subsystem="tab" outcome="ok" workspace_id="w5" tab_id="w5:t4"
2026-07-19T18:13:07.356184Z  INFO herdr::logging: tab focused event="tab.focus" subsystem="tab" outcome="ok" workspace_id="w5" tab_id="w5:t4"
2026-07-19T18:13:12.374153Z  INFO herdr::logging: session saved event="persist.save" subsystem="persist" outcome="ok" path=/Users/rcopeland/.config/herdr/session.json workspaces=2
2026-07-19T18:13:12.442059Z  INFO herdr::logging: tab focused event="tab.focus" subsystem="tab" outcome="ok" workspace_id="w5" tab_id="w5:t1"
2026-07-19T18:13:17.454594Z  INFO herdr::logging: session saved event="persist.save" subsystem="persist" outcome="ok" path=/Users/rcopeland/.config/herdr/session.json workspaces=2
2026-07-19T18:13:20.714247Z  INFO herdr::logging: spawning pane terminal event="pane.spawn.start" subsystem="pane" outcome="started" pane_id=9 rows=60 cols=213 scrollback_limit_bytes=10000000
2026-07-19T18:13:20.723858Z  INFO herdr::logging: pane child spawned event="pane.spawned" subsystem="pane" outcome="ok" pane_id=9 pid=16276
2026-07-19T18:13:20.724212Z  INFO herdr::logging: tab renamed event="tab.rename" subsystem="tab" outcome="ok" workspace_id="w5" tab_id="w5:t5"
2026-07-19T18:13:20.724442Z  INFO herdr::logging: tab focused event="tab.focus" subsystem="tab" outcome="ok" workspace_id="w5" tab_id="w5:t5"
2026-07-19T18:13:25.737345Z  INFO herdr::logging: session saved event="persist.save" subsystem="persist" outcome="ok" path=/Users/rcopeland/.config/herdr/session.json workspaces=2
2026-07-19T18:13:26.641879Z  INFO herdr::logging: tab focused event="tab.focus" subsystem="tab" outcome="ok" workspace_id="w5" tab_id="w5:t1"
2026-07-19T18:13:31.648878Z  INFO herdr::logging: session saved event="persist.save" subsystem="persist" outcome="ok" path=/Users/rcopeland/.config/herdr/session.json workspaces=2
2026-07-19T18:13:39.009438Z  INFO herdr::logging: tab focused event="tab.focus" subsystem="tab" outcome="ok" workspace_id="w5" tab_id="w5:t3"
2026-07-19T18:13:40.980370Z  INFO herdr::logging: tab focused event="tab.focus" subsystem="tab" outcome="ok" workspace_id="w5" tab_id="w5:t4"
2026-07-19T18:13:42.159571Z  INFO herdr::logging: tab focused event="tab.focus" subsystem="tab" outcome="ok" workspace_id="w5" tab_id="w5:t5"
2026-07-19T18:13:47.166571Z  INFO herdr::logging: session saved event="persist.save" subsystem="persist" outcome="ok" path=/Users/rcopeland/.config/herdr/session.json workspaces=2
2026-07-19T18:14:21.497309Z  INFO herdr::logging: pane child exited event="pane.exit" subsystem="pane" outcome="completed" pane_id=9 status="ExitStatus { code: 0, signal: None }"
2026-07-19T18:14:21.497674Z  INFO herdr::pane: pane session terminated pane=9 pid=16276 signal=Hangup
2026-07-19T18:14:23.885712Z  INFO herdr::logging: pane child exited event="pane.exit" subsystem="pane" outcome="completed" pane_id=8 status="ExitStatus { code: 130, signal: None }"
2026-07-19T18:14:23.885966Z  INFO herdr::pane: pane session terminated pane=8 pid=15330 signal=Hangup
2026-07-19T18:14:25.201764Z  INFO herdr::logging: pane child exited event="pane.exit" subsystem="pane" outcome="completed" pane_id=7 status="ExitStatus { code: 0, signal: None }"
2026-07-19T18:14:25.201934Z  INFO herdr::pane: pane session terminated pane=7 pid=11620 signal=Hangup
2026-07-19T18:14:27.903920Z  INFO herdr::pane: agent changed pane=5 previous_agent=Some(Pi) agent=None pgid=Some(48471)
2026-07-19T18:14:29.429994Z  INFO herdr::logging: pane child exited event="pane.exit" subsystem="pane" outcome="completed" pane_id=5 status="ExitStatus { code: 0, signal: None }"
2026-07-19T18:14:29.430079Z  INFO herdr::pane: pane session terminated pane=5 pid=48471 signal=Hangup
2026-07-19T18:14:34.440943Z  INFO herdr::logging: session saved event="persist.save" subsystem="persist" outcome="ok" path=/Users/rcopeland/.config/herdr/session.json workspaces=1
2026-07-19T18:22:27.890082Z  INFO herdr::logging: checking for updates event="update.check.start" subsystem="update" outcome="started"
2026-07-19T18:52:27.898858Z  INFO herdr::logging: checking for updates event="update.check.start" subsystem="update" outcome="started"
2026-07-19T19:22:27.876928Z  INFO herdr::logging: checking for updates event="update.check.start" subsystem="update" outcome="started"
2026-07-19T19:52:27.862508Z  INFO herdr::logging: checking for updates event="update.check.start" subsystem="update" outcome="started"
2026-07-19T20:22:27.813241Z  INFO herdr::logging: checking for updates event="update.check.start" subsystem="update" outcome="started"
2026-07-19T20:52:27.811256Z  INFO herdr::logging: checking for updates event="update.check.start" subsystem="update" outcome="started"
2026-07-19T21:22:27.873983Z  INFO herdr::logging: checking for updates event="update.check.start" subsystem="update" outcome="started"
2026-07-19T21:52:27.865093Z  INFO herdr::logging: checking for updates event="update.check.start" subsystem="update" outcome="started"
2026-07-19T22:22:27.853424Z  INFO herdr::logging: checking for updates event="update.check.start" subsystem="update" outcome="started"
2026-07-19T22:52:27.907024Z  INFO herdr::logging: checking for updates event="update.check.start" subsystem="update" outcome="started"
2026-07-20T00:54:59.016171Z  INFO herdr::logging: checking for updates event="update.check.start" subsystem="update" outcome="started"
2026-07-20T05:50:25.466577Z  INFO herdr::logging: checking for updates event="update.check.start" subsystem="update" outcome="started"
2026-07-20T10:54:13.823040Z  INFO herdr::logging: checking for updates event="update.check.start" subsystem="update" outcome="started"
2026-07-20T11:24:13.873118Z  INFO herdr::logging: checking for updates event="update.check.start" subsystem="update" outcome="started"
2026-07-20T13:26:34.189904Z  INFO herdr::logging: checking for updates event="update.check.start" subsystem="update" outcome="started"
2026-07-20T16:15:05.626908Z  INFO herdr::logging: checking for updates event="update.check.start" subsystem="update" outcome="started"
2026-07-20T16:45:05.693501Z  INFO herdr::logging: checking for updates event="update.check.start" subsystem="update" outcome="started"
2026-07-20T17:19:09.105633Z  INFO herdr::logging: spawning pane terminal event="pane.spawn.start" subsystem="pane" outcome="started" pane_id=10 rows=60 cols=213 scrollback_limit_bytes=10000000
2026-07-20T17:19:09.115519Z  INFO herdr::logging: pane child spawned event="pane.spawned" subsystem="pane" outcome="ok" pane_id=10 pid=23652
2026-07-20T17:19:09.116577Z  INFO herdr::logging: tab renamed event="tab.rename" subsystem="tab" outcome="ok" workspace_id="w4" tab_id="w4:t2"
2026-07-20T17:19:09.116790Z  INFO herdr::logging: tab focused event="tab.focus" subsystem="tab" outcome="ok" workspace_id="w4" tab_id="w4:t2"
2026-07-20T17:19:11.188797Z  INFO herdr::pane: agent changed pane=10 previous_agent=None agent=Some(Pi) process=pi pgid=Some(24380)
2026-07-20T17:19:14.126673Z  INFO herdr::logging: session saved event="persist.save" subsystem="persist" outcome="ok" path=/Users/rcopeland/.config/herdr/session.json workspaces=1
2026-07-20T17:19:27.011406Z  INFO herdr::pane: agent changed pane=10 previous_agent=Some(Pi) agent=None pgid=Some(23652)
2026-07-20T17:19:28.445380Z  INFO herdr::logging: pane child exited event="pane.exit" subsystem="pane" outcome="completed" pane_id=10 status="ExitStatus { code: 0, signal: None }"
2026-07-20T17:19:28.445547Z  INFO herdr::pane: pane session terminated pane=10 pid=23652 signal=Hangup
2026-07-20T17:19:33.454249Z  INFO herdr::logging: session saved event="persist.save" subsystem="persist" outcome="ok" path=/Users/rcopeland/.config/herdr/session.json workspaces=1
2026-07-20T17:31:30.082431Z  INFO herdr::logging: checking for updates event="update.check.start" subsystem="update" outcome="started"
2026-07-20T20:39:17.735127Z  INFO herdr::logging: checking for updates event="update.check.start" subsystem="update" outcome="started"
2026-07-21T00:18:28.319358Z  INFO herdr::logging: checking for updates event="update.check.start" subsystem="update" outcome="started"
2026-07-21T01:08:37.537370Z  INFO herdr::logging: checking for updates event="update.check.start" subsystem="update" outcome="started"
2026-07-21T01:38:37.632052Z  INFO herdr::logging: checking for updates event="update.check.start" subsystem="update" outcome="started"
2026-07-21T02:08:37.632617Z  INFO herdr::logging: checking for updates event="update.check.start" subsystem="update" outcome="started"
2026-07-21T02:38:37.599053Z  INFO herdr::logging: checking for updates event="update.check.start" subsystem="update" outcome="started"
2026-07-21T03:08:37.625823Z  INFO herdr::logging: checking for updates event="update.check.start" subsystem="update" outcome="started"
2026-07-21T03:38:37.604643Z  INFO herdr::logging: checking for updates event="update.check.start" subsystem="update" outcome="started"
2026-07-21T04:08:37.643187Z  INFO herdr::logging: checking for updates event="update.check.start" subsystem="update" outcome="started"
2026-07-21T04:38:37.646905Z  INFO herdr::logging: checking for updates event="update.check.start" subsystem="update" outcome="started"
2026-07-21T05:08:37.659259Z  INFO herdr::logging: checking for updates event="update.check.start" subsystem="update" outcome="started"
2026-07-21T05:38:37.656940Z  INFO herdr::logging: checking for updates event="update.check.start" subsystem="update" outcome="started"
2026-07-21T06:08:37.630515Z  INFO herdr::logging: checking for updates event="update.check.start" subsystem="update" outcome="started"
2026-07-21T06:38:37.569984Z  INFO herdr::logging: checking for updates event="update.check.start" subsystem="update" outcome="started"
2026-07-21T07:08:37.545486Z  INFO herdr::logging: checking for updates event="update.check.start" subsystem="update" outcome="started"
2026-07-21T07:38:37.609342Z  INFO herdr::logging: checking for updates event="update.check.start" subsystem="update" outcome="started"
2026-07-21T08:08:37.647858Z  INFO herdr::logging: checking for updates event="update.check.start" subsystem="update" outcome="started"
2026-07-21T08:38:37.638430Z  INFO herdr::logging: checking for updates event="update.check.start" subsystem="update" outcome="started"
2026-07-21T09:08:37.629750Z  INFO herdr::logging: checking for updates event="update.check.start" subsystem="update" outcome="started"
2026-07-21T09:38:37.623752Z  INFO herdr::logging: checking for updates event="update.check.start" subsystem="update" outcome="started"
2026-07-21T10:08:37.632705Z  INFO herdr::logging: checking for updates event="update.check.start" subsystem="update" outcome="started"
2026-07-21T10:38:37.604944Z  INFO herdr::logging: checking for updates event="update.check.start" subsystem="update" outcome="started"
2026-07-21T11:08:37.639590Z  INFO herdr::logging: checking for updates event="update.check.start" subsystem="update" outcome="started"
2026-07-21T11:38:37.633923Z  INFO herdr::logging: checking for updates event="update.check.start" subsystem="update" outcome="started"
2026-07-21T12:08:37.635289Z  INFO herdr::logging: checking for updates event="update.check.start" subsystem="update" outcome="started"
2026-07-21T12:38:37.651578Z  INFO herdr::logging: checking for updates event="update.check.start" subsystem="update" outcome="started"
2026-07-21T16:01:30.667091Z  INFO herdr::logging: checking for updates event="update.check.start" subsystem="update" outcome="started"
2026-07-22T05:35:28.025783Z  INFO herdr::logging: checking for updates event="update.check.start" subsystem="update" outcome="started"
2026-07-22T05:35:28.207374Z  INFO herdr::logging: update available event="update.available" subsystem="update" outcome="ok" version="0.7.5"
2026-07-22T05:35:28.428687Z  INFO herdr::update: auto-update check: v0.7.5 available through Homebrew, waiting for explicit install
2026-07-22T21:49:25.851376Z  INFO herdr::server::headless: client resize client_id=2 cols=165 rows=39 cell_width_px=0 cell_height_px=0
2026-07-22T21:49:32.461994Z  INFO herdr::server::headless: client resize client_id=2 cols=175 rows=46 cell_width_px=0 cell_height_px=0
2026-07-22T21:49:32.567005Z  INFO herdr::server::headless: client resize client_id=2 cols=199 rows=51 cell_width_px=0 cell_height_px=0
2026-07-22T21:49:32.672058Z  INFO herdr::server::headless: client resize client_id=2 cols=208 rows=53 cell_width_px=0 cell_height_px=0
2026-07-22T21:49:32.777187Z  INFO herdr::server::headless: client resize client_id=2 cols=211 rows=53 cell_width_px=0 cell_height_px=0
2026-07-22T21:49:32.878330Z  INFO herdr::server::headless: client resize client_id=2 cols=213 rows=54 cell_width_px=0 cell_height_px=0
2026-07-22T21:49:32.983462Z  INFO herdr::server::headless: client resize client_id=2 cols=220 rows=56 cell_width_px=0 cell_height_px=0
2026-07-22T21:49:33.088464Z  INFO herdr::server::headless: client resize client_id=2 cols=224 rows=58 cell_width_px=0 cell_height_px=0
2026-07-22T21:49:33.192294Z  INFO herdr::server::headless: client resize client_id=2 cols=230 rows=59 cell_width_px=0 cell_height_px=0
2026-07-22T21:49:33.296141Z  INFO herdr::server::headless: client resize client_id=2 cols=237 rows=61 cell_width_px=0 cell_height_px=0
2026-07-22T21:49:33.396242Z  INFO herdr::server::headless: client resize client_id=2 cols=241 rows=61 cell_width_px=0 cell_height_px=0
2026-07-22T21:49:33.499382Z  INFO herdr::server::headless: client resize client_id=2 cols=243 rows=61 cell_width_px=0 cell_height_px=0
2026-07-22T21:49:33.604391Z  INFO herdr::server::headless: client resize client_id=2 cols=244 rows=61 cell_width_px=0 cell_height_px=0
2026-07-22T21:49:43.349880Z  INFO herdr::pane: agent changed pane=4 previous_agent=Some(Pi) agent=None pgid=Some(47710)
2026-07-22T21:49:53.446410Z  INFO herdr::pane: agent changed pane=4 previous_agent=None agent=Some(Pi) process=pi pgid=Some(35399)
2026-07-22T21:50:05.310116Z  INFO herdr::pane: agent changed pane=4 previous_agent=Some(Pi) agent=None pgid=Some(47710)
2026-07-22T21:50:08.348296Z  INFO herdr::pane: agent changed pane=4 previous_agent=None agent=Some(Pi) process=pi pgid=Some(35536)
2026-07-22T21:50:10.477395Z  INFO herdr::pane: agent changed pane=4 previous_agent=Some(Pi) agent=None pgid=Some(47710)
2026-07-22T21:50:36.250016Z  INFO herdr::pane: agent changed pane=4 previous_agent=None agent=Some(Pi) process=pi pgid=Some(35589)
2026-07-22T21:50:42.639410Z  INFO herdr::logging: spawning pane terminal event="pane.spawn.start" subsystem="pane" outcome="started" pane_id=11 rows=60 cols=218 scrollback_limit_bytes=10000000
2026-07-22T21:50:42.648857Z  INFO herdr::logging: pane child spawned event="pane.spawned" subsystem="pane" outcome="ok" pane_id=11 pid=35593
2026-07-22T21:50:42.649965Z  INFO herdr::logging: tab renamed event="tab.rename" subsystem="tab" outcome="ok" workspace_id="w4" tab_id="w4:t3"
2026-07-22T21:50:42.650140Z  INFO herdr::logging: tab focused event="tab.focus" subsystem="tab" outcome="ok" workspace_id="w4" tab_id="w4:t3"
2026-07-22T21:50:47.662459Z  INFO herdr::logging: session saved event="persist.save" subsystem="persist" outcome="ok" path=/Users/rcopeland/.config/herdr/session.json workspaces=1
2026-07-22T21:50:47.954939Z  INFO herdr::logging: tab focused event="tab.focus" subsystem="tab" outcome="ok" workspace_id="w4" tab_id="w4:t1"
2026-07-22T21:50:49.572066Z  INFO herdr::logging: tab focused event="tab.focus" subsystem="tab" outcome="ok" workspace_id="w4" tab_id="w4:t3"
2026-07-22T21:50:54.579220Z  INFO herdr::logging: session saved event="persist.save" subsystem="persist" outcome="ok" path=/Users/rcopeland/.config/herdr/session.json workspaces=1
2026-07-22T21:50:55.182071Z  INFO herdr::logging: spawning pane terminal event="pane.spawn.start" subsystem="pane" outcome="started" pane_id=12 rows=60 cols=218 scrollback_limit_bytes=10000000
2026-07-22T21:50:55.191762Z  INFO herdr::logging: pane child spawned event="pane.spawned" subsystem="pane" outcome="ok" pane_id=12 pid=36341
2026-07-22T21:50:55.192118Z  INFO herdr::logging: tab renamed event="tab.rename" subsystem="tab" outcome="ok" workspace_id="w4" tab_id="w4:t4"
2026-07-22T21:50:55.192301Z  INFO herdr::logging: tab focused event="tab.focus" subsystem="tab" outcome="ok" workspace_id="w4" tab_id="w4:t4"
2026-07-22T21:51:00.198736Z  INFO herdr::logging: session saved event="persist.save" subsystem="persist" outcome="ok" path=/Users/rcopeland/.config/herdr/session.json workspaces=1
2026-07-22T21:51:02.370834Z  INFO herdr::logging: tab focused event="tab.focus" subsystem="tab" outcome="ok" workspace_id="w4" tab_id="w4:t1"
2026-07-22T21:51:07.375755Z  INFO herdr::logging: session saved event="persist.save" subsystem="persist" outcome="ok" path=/Users/rcopeland/.config/herdr/session.json workspaces=1
2026-07-22T21:51:20.252372Z  INFO herdr::logging: tab focused event="tab.focus" subsystem="tab" outcome="ok" workspace_id="w4" tab_id="w4:t3"
2026-07-22T21:51:22.615283Z  INFO herdr::logging: tab focused event="tab.focus" subsystem="tab" outcome="ok" workspace_id="w4" tab_id="w4:t4"
2026-07-22T21:51:27.619940Z  INFO herdr::logging: session saved event="persist.save" subsystem="persist" outcome="ok" path=/Users/rcopeland/.config/herdr/session.json workspaces=1
2026-07-22T21:52:03.236135Z  INFO herdr::logging: tab focused event="tab.focus" subsystem="tab" outcome="ok" workspace_id="w4" tab_id="w4:t1"
2026-07-22T21:52:08.246611Z  INFO herdr::logging: session saved event="persist.save" subsystem="persist" outcome="ok" path=/Users/rcopeland/.config/herdr/session.json workspaces=1
2026-07-22T21:52:58.663109Z  INFO herdr::logging: tab focused event="tab.focus" subsystem="tab" outcome="ok" workspace_id="w4" tab_id="w4:t3"
2026-07-22T21:52:59.831800Z  INFO herdr::logging: tab focused event="tab.focus" subsystem="tab" outcome="ok" workspace_id="w4" tab_id="w4:t4"
2026-07-22T21:53:00.830947Z  INFO herdr::logging: tab focused event="tab.focus" subsystem="tab" outcome="ok" workspace_id="w4" tab_id="w4:t1"
2026-07-22T21:53:05.839244Z  INFO herdr::logging: session saved event="persist.save" subsystem="persist" outcome="ok" path=/Users/rcopeland/.config/herdr/session.json workspaces=1
2026-07-22T21:53:17.705426Z  INFO herdr::logging: tab focused event="tab.focus" subsystem="tab" outcome="ok" workspace_id="w4" tab_id="w4:t3"
2026-07-22T21:53:18.939203Z  INFO herdr::logging: tab focused event="tab.focus" subsystem="tab" outcome="ok" workspace_id="w4" tab_id="w4:t4"
2026-07-22T21:53:22.169005Z  INFO herdr::logging: tab focused event="tab.focus" subsystem="tab" outcome="ok" workspace_id="w4" tab_id="w4:t1"
2026-07-22T21:53:27.180288Z  INFO herdr::logging: session saved event="persist.save" subsystem="persist" outcome="ok" path=/Users/rcopeland/.config/herdr/session.json workspaces=1
2026-07-22T21:54:05.634411Z  INFO herdr::logging: tab focused event="tab.focus" subsystem="tab" outcome="ok" workspace_id="w4" tab_id="w4:t3"
2026-07-22T21:54:07.287954Z  INFO herdr::logging: tab focused event="tab.focus" subsystem="tab" outcome="ok" workspace_id="w4" tab_id="w4:t4"
2026-07-22T21:54:12.296434Z  INFO herdr::logging: session saved event="persist.save" subsystem="persist" outcome="ok" path=/Users/rcopeland/.config/herdr/session.json workspaces=1
2026-07-22T21:54:14.905106Z  INFO herdr::logging: tab focused event="tab.focus" subsystem="tab" outcome="ok" workspace_id="w4" tab_id="w4:t1"
2026-07-22T21:54:19.914061Z  INFO herdr::logging: session saved event="persist.save" subsystem="persist" outcome="ok" path=/Users/rcopeland/.config/herdr/session.json workspaces=1
2026-07-22T22:02:31.102035Z  INFO herdr::logging: tab focused event="tab.focus" subsystem="tab" outcome="ok" workspace_id="w4" tab_id="w4:t3"
2026-07-22T22:02:33.346530Z  INFO herdr::logging: tab focused event="tab.focus" subsystem="tab" outcome="ok" workspace_id="w4" tab_id="w4:t4"
2026-07-22T22:02:33.985216Z  INFO herdr::logging: tab focused event="tab.focus" subsystem="tab" outcome="ok" workspace_id="w4" tab_id="w4:t1"
2026-07-22T22:02:38.996125Z  INFO herdr::logging: session saved event="persist.save" subsystem="persist" outcome="ok" path=/Users/rcopeland/.config/herdr/session.json workspaces=1
2026-07-22T22:06:36.401925Z  INFO herdr::app::actions: copied double-clicked token to clipboard
2026-07-22T22:12:22.047758Z  INFO herdr::app::actions: copied double-clicked token to clipboard
2026-07-22T22:29:21.414913Z  INFO herdr::logging: tab focused event="tab.focus" subsystem="tab" outcome="ok" workspace_id="w4" tab_id="w4:t3"
2026-07-22T22:29:22.223949Z  INFO herdr::logging: tab focused event="tab.focus" subsystem="tab" outcome="ok" workspace_id="w4" tab_id="w4:t4"
2026-07-22T22:29:22.781551Z  INFO herdr::logging: tab focused event="tab.focus" subsystem="tab" outcome="ok" workspace_id="w4" tab_id="w4:t1"
2026-07-22T22:29:35.733234Z  INFO herdr::logging: session saved event="persist.save" subsystem="persist" outcome="ok" path=/Users/rcopeland/.config/herdr/session.json workspaces=1
2026-07-22T23:13:43.342719Z  INFO herdr::pane: agent changed pane=4 previous_agent=Some(Pi) agent=None pgid=Some(47710)
2026-07-22T23:13:54.472108Z  INFO herdr::pane: agent changed pane=4 previous_agent=None agent=Some(Pi) process=pi pgid=Some(53265)
2026-07-22T23:14:06.784130Z  INFO herdr::logging: tab focused event="tab.focus" subsystem="tab" outcome="ok" workspace_id="w4" tab_id="w4:t3"
2026-07-22T23:14:07.617654Z  INFO herdr::logging: tab focused event="tab.focus" subsystem="tab" outcome="ok" workspace_id="w4" tab_id="w4:t4"
2026-07-22T23:14:11.507381Z  INFO herdr::logging: tab focused event="tab.focus" subsystem="tab" outcome="ok" workspace_id="w4" tab_id="w4:t1"
2026-07-22T23:14:16.511073Z  INFO herdr::logging: session saved event="persist.save" subsystem="persist" outcome="ok" path=/Users/rcopeland/.config/herdr/session.json workspaces=1
2026-07-22T23:15:12.543736Z  INFO herdr::logging: tab focused event="tab.focus" subsystem="tab" outcome="ok" workspace_id="w4" tab_id="w4:t3"
2026-07-22T23:15:13.200415Z  INFO herdr::logging: tab focused event="tab.focus" subsystem="tab" outcome="ok" workspace_id="w4" tab_id="w4:t4"
2026-07-22T23:15:18.203222Z  INFO herdr::logging: session saved event="persist.save" subsystem="persist" outcome="ok" path=/Users/rcopeland/.config/herdr/session.json workspaces=1
2026-07-22T23:16:48.840115Z  INFO herdr::logging: tab focused event="tab.focus" subsystem="tab" outcome="ok" workspace_id="w4" tab_id="w4:t1"
2026-07-22T23:16:51.094695Z  INFO herdr::logging: tab focused event="tab.focus" subsystem="tab" outcome="ok" workspace_id="w4" tab_id="w4:t3"
2026-07-22T23:16:52.176730Z  INFO herdr::logging: tab focused event="tab.focus" subsystem="tab" outcome="ok" workspace_id="w4" tab_id="w4:t4"
2026-07-22T23:16:53.156089Z  INFO herdr::logging: tab focused event="tab.focus" subsystem="tab" outcome="ok" workspace_id="w4" tab_id="w4:t1"
2026-07-22T23:16:58.159226Z  INFO herdr::logging: session saved event="persist.save" subsystem="persist" outcome="ok" path=/Users/rcopeland/.config/herdr/session.json workspaces=1
2026-07-22T23:20:49.007134Z  INFO herdr::logging: tab focused event="tab.focus" subsystem="tab" outcome="ok" workspace_id="w4" tab_id="w4:t3"
2026-07-22T23:20:54.004930Z  INFO herdr::logging: tab focused event="tab.focus" subsystem="tab" outcome="ok" workspace_id="w4" tab_id="w4:t4"
2026-07-22T23:20:59.010194Z  INFO herdr::logging: session saved event="persist.save" subsystem="persist" outcome="ok" path=/Users/rcopeland/.config/herdr/session.json workspaces=1
2026-07-22T23:21:04.555491Z  INFO herdr::logging: tab focused event="tab.focus" subsystem="tab" outcome="ok" workspace_id="w4" tab_id="w4:t1"
2026-07-22T23:21:08.804045Z  INFO herdr::logging: tab focused event="tab.focus" subsystem="tab" outcome="ok" workspace_id="w4" tab_id="w4:t3"
2026-07-22T23:21:09.611063Z  INFO herdr::logging: tab focused event="tab.focus" subsystem="tab" outcome="ok" workspace_id="w4" tab_id="w4:t1"
2026-07-22T23:21:14.617634Z  INFO herdr::logging: session saved event="persist.save" subsystem="persist" outcome="ok" path=/Users/rcopeland/.config/herdr/session.json workspaces=1
2026-07-22T23:21:28.223096Z  INFO herdr::logging: tab focused event="tab.focus" subsystem="tab" outcome="ok" workspace_id="w4" tab_id="w4:t3"
2026-07-22T23:21:29.711029Z  INFO herdr::logging: tab focused event="tab.focus" subsystem="tab" outcome="ok" workspace_id="w4" tab_id="w4:t4"
2026-07-22T23:21:34.713078Z  INFO herdr::logging: session saved event="persist.save" subsystem="persist" outcome="ok" path=/Users/rcopeland/.config/herdr/session.json workspaces=1
2026-07-22T23:21:57.487764Z  INFO herdr::logging: tab focused event="tab.focus" subsystem="tab" outcome="ok" workspace_id="w4" tab_id="w4:t1"
2026-07-22T23:21:59.133037Z  INFO herdr::logging: tab focused event="tab.focus" subsystem="tab" outcome="ok" workspace_id="w4" tab_id="w4:t3"
2026-07-22T23:21:59.955440Z  INFO herdr::logging: tab focused event="tab.focus" subsystem="tab" outcome="ok" workspace_id="w4" tab_id="w4:t4"
2026-07-22T23:22:04.962460Z  INFO herdr::logging: session saved event="persist.save" subsystem="persist" outcome="ok" path=/Users/rcopeland/.config/herdr/session.json workspaces=1
2026-07-22T23:22:43.884821Z  INFO herdr::logging: tab focused event="tab.focus" subsystem="tab" outcome="ok" workspace_id="w4" tab_id="w4:t1"
2026-07-22T23:22:48.890064Z  INFO herdr::logging: session saved event="persist.save" subsystem="persist" outcome="ok" path=/Users/rcopeland/.config/herdr/session.json workspaces=1
2026-07-22T23:22:57.470737Z  INFO herdr::logging: tab focused event="tab.focus" subsystem="tab" outcome="ok" workspace_id="w4" tab_id="w4:t3"
2026-07-22T23:22:58.425009Z  INFO herdr::logging: tab focused event="tab.focus" subsystem="tab" outcome="ok" workspace_id="w4" tab_id="w4:t4"
2026-07-22T23:23:02.325051Z  INFO herdr::logging: tab focused event="tab.focus" subsystem="tab" outcome="ok" workspace_id="w4" tab_id="w4:t1"
2026-07-22T23:23:07.332767Z  INFO herdr::logging: session saved event="persist.save" subsystem="persist" outcome="ok" path=/Users/rcopeland/.config/herdr/session.json workspaces=1
2026-07-22T23:25:22.259687Z  INFO herdr::logging: tab focused event="tab.focus" subsystem="tab" outcome="ok" workspace_id="w4" tab_id="w4:t3"
2026-07-22T23:25:24.099465Z  INFO herdr::logging: tab focused event="tab.focus" subsystem="tab" outcome="ok" workspace_id="w4" tab_id="w4:t4"
2026-07-22T23:25:29.106178Z  INFO herdr::logging: session saved event="persist.save" subsystem="persist" outcome="ok" path=/Users/rcopeland/.config/herdr/session.json workspaces=1
2026-07-22T23:26:40.531321Z  INFO herdr::logging: tab focused event="tab.focus" subsystem="tab" outcome="ok" workspace_id="w4" tab_id="w4:t1"
2026-07-22T23:26:45.537365Z  INFO herdr::logging: session saved event="persist.save" subsystem="persist" outcome="ok" path=/Users/rcopeland/.config/herdr/session.json workspaces=1
2026-07-22T23:37:19.591535Z  INFO herdr::app::actions: copied double-clicked token to clipboard
2026-07-22T23:37:20.391423Z  INFO herdr::app::actions: copied double-clicked token to clipboard
2026-07-22T23:37:25.073779Z  INFO herdr::app::actions: copied selection to clipboard
2026-07-22T23:37:29.732816Z  INFO herdr::app::actions: copied selection to clipboard
2026-07-22T23:37:32.925580Z  INFO herdr::logging: tab focused event="tab.focus" subsystem="tab" outcome="ok" workspace_id="w4" tab_id="w4:t3"
2026-07-22T23:37:34.375898Z  INFO herdr::logging: tab focused event="tab.focus" subsystem="tab" outcome="ok" workspace_id="w4" tab_id="w4:t4"
2026-07-22T23:37:39.390857Z  INFO herdr::logging: session saved event="persist.save" subsystem="persist" outcome="ok" path=/Users/rcopeland/.config/herdr/session.json workspaces=1
2026-07-22T23:37:49.383296Z  INFO herdr::logging: tab focused event="tab.focus" subsystem="tab" outcome="ok" workspace_id="w4" tab_id="w4:t1"
2026-07-22T23:37:54.395118Z  INFO herdr::logging: session saved event="persist.save" subsystem="persist" outcome="ok" path=/Users/rcopeland/.config/herdr/session.json workspaces=1
2026-07-22T23:37:59.588733Z  INFO herdr::app::actions: copied selection to clipboard
2026-07-22T23:38:03.014608Z  INFO herdr::logging: tab focused event="tab.focus" subsystem="tab" outcome="ok" workspace_id="w4" tab_id="w4:t3"
2026-07-22T23:38:06.138629Z  INFO herdr::logging: pane child exited event="pane.exit" subsystem="pane" outcome="completed" pane_id=11 status="ExitStatus { code: 0, signal: None }"
2026-07-22T23:38:06.138960Z  INFO herdr::pane: pane session terminated pane=11 pid=35593 signal=Hangup
2026-07-22T23:38:07.277833Z  INFO herdr::logging: tab focused event="tab.focus" subsystem="tab" outcome="ok" workspace_id="w4" tab_id="w4:t4"
2026-07-22T23:38:12.284888Z  INFO herdr::logging: session saved event="persist.save" subsystem="persist" outcome="ok" path=/Users/rcopeland/.config/herdr/session.json workspaces=1
2026-07-22T23:51:01.241611Z  INFO herdr::logging: pane child exited event="pane.exit" subsystem="pane" outcome="completed" pane_id=12 status="ExitStatus { code: 0, signal: None }"
2026-07-22T23:51:01.241882Z  INFO herdr::pane: pane session terminated pane=12 pid=36341 signal=Hangup
2026-07-22T23:51:03.563895Z  INFO herdr::pane: agent changed pane=4 previous_agent=Some(Pi) agent=None pgid=Some(47710)
2026-07-22T23:51:06.251492Z  INFO herdr::logging: session saved event="persist.save" subsystem="persist" outcome="ok" path=/Users/rcopeland/.config/herdr/session.json workspaces=1
2026-07-25T15:36:20.462242Z  INFO herdr::server::headless: client resize client_id=2 cols=239 rows=61 cell_width_px=0 cell_height_px=0
2026-07-25T15:38:06.768652Z  INFO herdr::logging: spawning pane terminal event="pane.spawn.start" subsystem="pane" outcome="started" pane_id=13 rows=60 cols=208 scrollback_limit_bytes=10000000
2026-07-25T15:38:06.778790Z  INFO herdr::logging: pane child spawned event="pane.spawned" subsystem="pane" outcome="ok" pane_id=13 pid=79036
2026-07-25T15:38:06.779335Z  INFO herdr::logging: tab renamed event="tab.rename" subsystem="tab" outcome="ok" workspace_id="w4" tab_id="w4:t5"
2026-07-25T15:38:06.779534Z  INFO herdr::logging: tab focused event="tab.focus" subsystem="tab" outcome="ok" workspace_id="w4" tab_id="w4:t5"
2026-07-25T15:38:11.785675Z  INFO herdr::logging: session saved event="persist.save" subsystem="persist" outcome="ok" path=/Users/rcopeland/.config/herdr/session.json workspaces=1
2026-07-25T15:38:17.937789Z  INFO herdr::pane: agent changed pane=13 previous_agent=None agent=Some(Pi) process=pi pgid=Some(79790)
2026-07-25T15:40:45.194473Z  INFO herdr::logging: tab focused event="tab.focus" subsystem="tab" outcome="ok" workspace_id="w4" tab_id="w4:t1"
2026-07-25T15:40:50.202813Z  INFO herdr::logging: session saved event="persist.save" subsystem="persist" outcome="ok" path=/Users/rcopeland/.config/herdr/session.json workspaces=1
2026-07-25T15:41:01.161877Z  INFO herdr::logging: tab focused event="tab.focus" subsystem="tab" outcome="ok" workspace_id="w4" tab_id="w4:t5"
2026-07-25T15:41:04.197410Z  INFO herdr::logging: tab focused event="tab.focus" subsystem="tab" outcome="ok" workspace_id="w4" tab_id="w4:t1"
2026-07-25T15:41:09.204139Z  INFO herdr::logging: session saved event="persist.save" subsystem="persist" outcome="ok" path=/Users/rcopeland/.config/herdr/session.json workspaces=1
2026-07-25T15:41:19.181178Z  INFO herdr::logging: tab focused event="tab.focus" subsystem="tab" outcome="ok" workspace_id="w4" tab_id="w4:t5"
2026-07-25T15:41:24.189640Z  INFO herdr::logging: session saved event="persist.save" subsystem="persist" outcome="ok" path=/Users/rcopeland/.config/herdr/session.json workspaces=1
2026-07-25T15:42:01.631274Z  INFO herdr::app::actions: copied double-clicked token to clipboard
2026-07-25T15:42:04.879052Z  INFO herdr::app::actions: copied selection to clipboard
2026-07-25T15:42:05.781100Z  INFO herdr::logging: tab focused event="tab.focus" subsystem="tab" outcome="ok" workspace_id="w4" tab_id="w4:t1"
2026-07-25T15:42:10.784957Z  INFO herdr::logging: session saved event="persist.save" subsystem="persist" outcome="ok" path=/Users/rcopeland/.config/herdr/session.json workspaces=1
2026-07-25T15:46:34.823382Z  INFO herdr::logging: tab focused event="tab.focus" subsystem="tab" outcome="ok" workspace_id="w4" tab_id="w4:t5"
2026-07-25T15:46:39.827809Z  INFO herdr::logging: session saved event="persist.save" subsystem="persist" outcome="ok" path=/Users/rcopeland/.config/herdr/session.json workspaces=1
2026-07-25T15:48:13.684322Z  INFO herdr::app::actions: copied double-clicked token to clipboard
2026-07-25T15:50:04.145645Z  INFO herdr::logging: tab focused event="tab.focus" subsystem="tab" outcome="ok" workspace_id="w4" tab_id="w4:t1"
2026-07-25T15:50:09.149332Z  INFO herdr::logging: session saved event="persist.save" subsystem="persist" outcome="ok" path=/Users/rcopeland/.config/herdr/session.json workspaces=1
2026-07-25T15:50:14.171245Z  INFO herdr::app::actions: copied selection to clipboard
2026-07-25T15:50:15.394584Z  INFO herdr::logging: tab focused event="tab.focus" subsystem="tab" outcome="ok" workspace_id="w4" tab_id="w4:t5"
2026-07-25T15:50:20.402511Z  INFO herdr::logging: session saved event="persist.save" subsystem="persist" outcome="ok" path=/Users/rcopeland/.config/herdr/session.json workspaces=1
2026-07-25T15:50:49.723279Z  INFO herdr::logging: tab focused event="tab.focus" subsystem="tab" outcome="ok" workspace_id="w4" tab_id="w4:t1"
2026-07-25T15:50:54.731189Z  INFO herdr::logging: session saved event="persist.save" subsystem="persist" outcome="ok" path=/Users/rcopeland/.config/herdr/session.json workspaces=1
2026-07-25T15:51:07.314862Z  INFO herdr::logging: tab focused event="tab.focus" subsystem="tab" outcome="ok" workspace_id="w4" tab_id="w4:t5"
2026-07-25T15:51:12.323549Z  INFO herdr::logging: session saved event="persist.save" subsystem="persist" outcome="ok" path=/Users/rcopeland/.config/herdr/session.json workspaces=1
2026-07-25T15:51:14.002660Z  INFO herdr::logging: tab focused event="tab.focus" subsystem="tab" outcome="ok" workspace_id="w4" tab_id="w4:t1"
2026-07-25T15:51:19.012115Z  INFO herdr::logging: session saved event="persist.save" subsystem="persist" outcome="ok" path=/Users/rcopeland/.config/herdr/session.json workspaces=1
2026-07-25T15:52:29.695682Z  INFO herdr::logging: tab focused event="tab.focus" subsystem="tab" outcome="ok" workspace_id="w4" tab_id="w4:t5"
2026-07-25T15:52:34.049807Z  INFO herdr::logging: spawning pane terminal event="pane.spawn.start" subsystem="pane" outcome="started" pane_id=14 rows=60 cols=208 scrollback_limit_bytes=10000000
2026-07-25T15:52:34.056525Z  INFO herdr::logging: pane child spawned event="pane.spawned" subsystem="pane" outcome="ok" pane_id=14 pid=80141
2026-07-25T15:52:34.057206Z  INFO herdr::logging: tab renamed event="tab.rename" subsystem="tab" outcome="ok" workspace_id="w4" tab_id="w4:t6"
2026-07-25T15:52:34.057382Z  INFO herdr::logging: tab focused event="tab.focus" subsystem="tab" outcome="ok" workspace_id="w4" tab_id="w4:t6"
2026-07-25T15:52:39.061679Z  INFO herdr::logging: session saved event="persist.save" subsystem="persist" outcome="ok" path=/Users/rcopeland/.config/herdr/session.json workspaces=1
2026-07-25T15:52:54.750543Z  INFO herdr::logging: tab focused event="tab.focus" subsystem="tab" outcome="ok" workspace_id="w4" tab_id="w4:t1"
2026-07-25T15:52:59.756099Z  INFO herdr::logging: session saved event="persist.save" subsystem="persist" outcome="ok" path=/Users/rcopeland/.config/herdr/session.json workspaces=1
2026-07-25T15:53:02.213940Z  INFO herdr::logging: tab focused event="tab.focus" subsystem="tab" outcome="ok" workspace_id="w4" tab_id="w4:t5"
2026-07-25T15:53:07.220098Z  INFO herdr::logging: session saved event="persist.save" subsystem="persist" outcome="ok" path=/Users/rcopeland/.config/herdr/session.json workspaces=1
2026-07-25T15:57:18.393608Z  INFO herdr::logging: tab focused event="tab.focus" subsystem="tab" outcome="ok" workspace_id="w4" tab_id="w4:t6"
2026-07-25T15:57:23.397982Z  INFO herdr::logging: session saved event="persist.save" subsystem="persist" outcome="ok" path=/Users/rcopeland/.config/herdr/session.json workspaces=1
2026-07-25T15:57:26.027632Z  INFO herdr::logging: tab focused event="tab.focus" subsystem="tab" outcome="ok" workspace_id="w4" tab_id="w4:t1"
2026-07-25T15:57:28.046622Z  INFO herdr::logging: tab focused event="tab.focus" subsystem="tab" outcome="ok" workspace_id="w4" tab_id="w4:t5"
2026-07-25T15:57:33.053477Z  INFO herdr::logging: session saved event="persist.save" subsystem="persist" outcome="ok" path=/Users/rcopeland/.config/herdr/session.json workspaces=1
2026-07-25T15:57:38.771998Z  INFO herdr::logging: tab focused event="tab.focus" subsystem="tab" outcome="ok" workspace_id="w4" tab_id="w4:t6"
2026-07-25T15:57:43.779740Z  INFO herdr::logging: session saved event="persist.save" subsystem="persist" outcome="ok" path=/Users/rcopeland/.config/herdr/session.json workspaces=1
2026-07-25T15:58:52.442749Z  INFO herdr::logging: pane child exited event="pane.exit" subsystem="pane" outcome="completed" pane_id=14 status="ExitStatus { code: 0, signal: None }"
2026-07-25T15:58:52.443011Z  INFO herdr::pane: pane session terminated pane=14 pid=80141 signal=Hangup
2026-07-25T15:58:56.295150Z  INFO herdr::pane: agent changed pane=13 previous_agent=Some(Pi) agent=None pgid=Some(79036)
2026-07-25T15:58:57.446458Z  INFO herdr::logging: session saved event="persist.save" subsystem="persist" outcome="ok" path=/Users/rcopeland/.config/herdr/session.json workspaces=1
2026-07-25T15:58:58.911925Z  INFO herdr::logging: tab focused event="tab.focus" subsystem="tab" outcome="ok" workspace_id="w4" tab_id="w4:t1"
2026-07-25T15:59:03.918510Z  INFO herdr::logging: session saved event="persist.save" subsystem="persist" outcome="ok" path=/Users/rcopeland/.config/herdr/session.json workspaces=1
2026-07-25T16:03:29.434424Z  INFO herdr::pane: agent changed pane=4 previous_agent=None agent=Some(Pi) process=pi pgid=Some(35589)
2026-07-25T16:03:40.661900Z  INFO herdr::pane: agent changed pane=4 previous_agent=Some(Pi) agent=None pgid=Some(47710)
2026-07-25T16:03:41.830688Z  INFO herdr::logging: pane child exited event="pane.exit" subsystem="pane" outcome="completed" pane_id=4 status="ExitStatus { code: 0, signal: None }"
2026-07-25T16:03:41.830875Z  INFO herdr::pane: pane session terminated pane=4 pid=47710 signal=Hangup
2026-07-25T16:03:46.837574Z  INFO herdr::logging: session saved event="persist.save" subsystem="persist" outcome="ok" path=/Users/rcopeland/.config/herdr/session.json workspaces=1
2026-07-26T22:46:34.423226Z  INFO herdr::server::headless: client resize client_id=2 cols=92 rows=25 cell_width_px=0 cell_height_px=0
2026-07-27T12:31:52.912235Z  INFO herdr::server::headless: client resize client_id=2 cols=94 rows=26 cell_width_px=0 cell_height_px=0
2026-07-27T12:31:53.015629Z  INFO herdr::server::headless: client resize client_id=2 cols=108 rows=29 cell_width_px=0 cell_height_px=0
2026-07-27T12:31:53.118486Z  INFO herdr::server::headless: client resize client_id=2 cols=117 rows=31 cell_width_px=0 cell_height_px=0
2026-07-27T12:31:53.219303Z  INFO herdr::server::headless: client resize client_id=2 cols=125 rows=32 cell_width_px=0 cell_height_px=0
2026-07-27T12:31:53.322523Z  INFO herdr::server::headless: client resize client_id=2 cols=127 rows=33 cell_width_px=0 cell_height_px=0
2026-07-27T12:31:54.257750Z  INFO herdr::server::headless: client resize client_id=2 cols=127 rows=34 cell_width_px=0 cell_height_px=0
2026-07-27T12:31:55.705481Z  INFO herdr::server::headless: client resize client_id=2 cols=135 rows=36 cell_width_px=0 cell_height_px=0
2026-07-27T12:31:55.810555Z  INFO herdr::server::headless: client resize client_id=2 cols=139 rows=37 cell_width_px=0 cell_height_px=0
2026-07-27T12:31:55.915618Z  INFO herdr::server::headless: client resize client_id=2 cols=140 rows=37 cell_width_px=0 cell_height_px=0
2026-07-27T12:32:12.322062Z  INFO herdr::logging: tab renamed event="tab.rename" subsystem="tab" outcome="ok" workspace_id="w4" tab_id="w4:t5"
2026-07-27T12:32:17.330476Z  INFO herdr::logging: session saved event="persist.save" subsystem="persist" outcome="ok" path=/Users/rcopeland/.config/herdr/session.json workspaces=1
2026-07-27T23:54:51.724876Z  INFO herdr::logging: session saved event="persist.save" subsystem="persist" outcome="ok" path=/Users/rcopeland/.config/herdr/session.json workspaces=1
2026-07-28T12:59:24.917190Z  INFO herdr::pane: agent changed pane=13 previous_agent=None agent=Some(Pi) process=pi pgid=Some(93679)
2026-07-28T12:59:35.239927Z  INFO herdr::pane: agent changed pane=13 previous_agent=Some(Pi) agent=None pgid=Some(79036)
2026-07-28T12:59:36.246236Z  INFO herdr::pane: agent changed pane=13 previous_agent=None agent=Some(Pi) process=pi pgid=Some(93687)
2026-07-28T12:59:41.717207Z  INFO herdr::pane: agent changed pane=13 previous_agent=Some(Pi) agent=None pgid=Some(79036)
2026-07-28T12:59:47.276932Z  INFO herdr::pane: agent changed pane=13 previous_agent=None agent=Some(Pi) process=pi pgid=Some(93695)
2026-07-28T12:59:47.884445Z  INFO herdr::pane: agent changed pane=13 previous_agent=Some(Pi) agent=None pgid=Some(79036)
2026-07-28T12:59:50.405967Z  INFO herdr::pane: agent changed pane=13 previous_agent=None agent=Some(Pi) process=pi pgid=Some(93699)
2026-07-28T12:59:57.397161Z  INFO herdr::pane: agent changed pane=13 previous_agent=Some(Pi) agent=None pgid=Some(79036)
2026-07-28T13:00:03.461679Z  INFO herdr::pane: agent changed pane=13 previous_agent=None agent=Some(Pi) process=pi pgid=Some(93725)
2026-07-28T19:21:46.211485Z  INFO herdr::logging: spawning pane terminal event="pane.spawn.start" subsystem="pane" outcome="started" pane_id=15 rows=36 cols=117 scrollback_limit_bytes=10000000
2026-07-28T19:21:46.220733Z  INFO herdr::logging: pane child spawned event="pane.spawned" subsystem="pane" outcome="ok" pane_id=15 pid=96129
2026-07-28T19:21:46.221917Z  INFO herdr::logging: tab renamed event="tab.rename" subsystem="tab" outcome="ok" workspace_id="w4" tab_id="w4:t7"
2026-07-28T19:21:46.222174Z  INFO herdr::logging: tab focused event="tab.focus" subsystem="tab" outcome="ok" workspace_id="w4" tab_id="w4:t7"
2026-07-28T19:21:51.228940Z  INFO herdr::logging: session saved event="persist.save" subsystem="persist" outcome="ok" path=/Users/rcopeland/.config/herdr/session.json workspaces=1
2026-07-28T19:24:18.795393Z  INFO herdr::logging: pane child exited event="pane.exit" subsystem="pane" outcome="completed" pane_id=15 status="ExitStatus { code: 0, signal: None }"
2026-07-28T19:24:18.795576Z  INFO herdr::pane: pane session terminated pane=15 pid=96129 signal=Hangup
2026-07-28T19:24:23.804176Z  INFO herdr::logging: session saved event="persist.save" subsystem="persist" outcome="ok" path=/Users/rcopeland/.config/herdr/session.json workspaces=1
2026-07-28T19:24:26.520446Z  INFO herdr::pane: agent changed pane=13 previous_agent=Some(Pi) agent=None pgid=Some(79036)
2026-07-29T14:25:53.838009Z  INFO herdr::logging: workspace focused event="workspace.focus" subsystem="workspace" outcome="ok" workspace_id="w4"
2026-07-29T14:25:53.839462Z  INFO herdr::logging: tab focused event="tab.focus" subsystem="tab" outcome="ok" workspace_id="w4" tab_id="w4:t5"
2026-07-29T14:25:58.843502Z  INFO herdr::logging: session saved event="persist.save" subsystem="persist" outcome="ok" path=/Users/rcopeland/.config/herdr/session.json workspaces=1
2026-07-29T14:41:11.902947Z  INFO herdr::pane: agent changed pane=13 previous_agent=None agent=Some(Pi) process=pi pgid=Some(99779)
2026-07-29T15:11:28.428373Z  INFO herdr::pane: agent changed pane=13 previous_agent=Some(Pi) agent=None pgid=Some(79036)
2026-07-29T16:30:02.012365Z  INFO herdr::server::headless: client resize client_id=2 cols=145 rows=39 cell_width_px=0 cell_height_px=0
2026-07-29T16:30:02.116172Z  INFO herdr::server::headless: client resize client_id=2 cols=149 rows=40 cell_width_px=0 cell_height_px=0
2026-07-29T16:30:02.220400Z  INFO herdr::server::headless: client resize client_id=2 cols=150 rows=40 cell_width_px=0 cell_height_px=0
2026-07-29T16:30:02.527103Z  INFO herdr::server::headless: client resize client_id=2 cols=151 rows=40 cell_width_px=0 cell_height_px=0
2026-07-29T16:30:02.733794Z  INFO herdr::server::headless: client resize client_id=2 cols=151 rows=41 cell_width_px=0 cell_height_px=0
2026-07-29T16:30:03.248150Z  INFO herdr::server::headless: client resize client_id=2 cols=152 rows=42 cell_width_px=0 cell_height_px=0
2026-07-29T16:30:09.997614Z  INFO herdr::pane: agent changed pane=13 previous_agent=None agent=Some(Pi) process=pi pgid=Some(1512)
2026-07-29T16:37:41.226138Z  INFO herdr::pane: agent changed pane=13 previous_agent=Some(Pi) agent=None pgid=Some(79036)
